// Jest Snapshot v1, https://goo.gl/fbAQLP

exports[`Homepage renders without crashing 1`] = `
<Fragment>
  <Connect(AddTask)
    dataEdit={Object {}}
  />
  <Connect(ListTask)
    edit={[Function]}
  />
</Fragment>
`;
