// Jest Snapshot v1, https://goo.gl/fbAQLP

exports[`App renders without crashing 1`] = `
<BrowserRouter>
  <div
    className="App"
  >
    <Route
      component={[Function]}
      exact={true}
      path="/"
    />
  </div>
</BrowserRouter>
`;
